<html>
<body>
<pre>
<h1>µVision Build Log</h1>
<h2>Project:</h2>
E:\ARM Module training\Hex_Keypad_Assignment\HexKeypad_assignment.uvproj
Project File Date:  09/19/2022

<h2>Output:</h2>
Build target 'Target 1'
assembling Startup.s...
compiling main.c...
compiling lcd.c...
compiling KeyPad.c...
compiling delay.c...
linking...
Program Size: Code=2564 RO-data=16 RW-data=0 ZI-data=1256  
FromELF: creating hex file...
"HexKeypad_assignment.axf" - 0 Error(s), 0 Warning(s).
Build target 'Target 1'
assembling Startup.s...
compiling main.c...
compiling lcd.c...
compiling KeyPad.c...
compiling delay.c...
linking...
Program Size: Code=2564 RO-data=16 RW-data=0 ZI-data=1256  
FromELF: creating hex file...
"HexKeypad_assignment.axf" - 0 Error(s), 0 Warning(s).
compiling C:\Keil\ARM\INC\Philips\LPC21xx.h...
