<html>
<body>
<pre>
<h1>µVision Build Log</h1>
<h2>Project:</h2>
C:\Users\ANGICIA\Desktop\05.Switch\05.Switch.uvproj
Project File Date:  09/16/2020

<h2>Output:</h2>
Build target 'Target 1'
assembling Startup.s...
compiling main.c...
main.c(25): warning:  #1-D: last line of file ends without a newline
linking...
Program Size: Code=536 RO-data=16 RW-data=0 ZI-data=1256  
"05.Switch.axf" - 0 Error(s), 1 Warning(s).
Build target 'Target 1'
assembling Startup.s...
compiling main.c...
main.c(24): warning:  #1-D: last line of file ends without a newline
linking...
Program Size: Code=536 RO-data=16 RW-data=0 ZI-data=1256  
"05.Switch.axf" - 0 Error(s), 1 Warning(s).
Build target 'Target 1'
assembling Startup.s...
compiling main.c...
main.c(24): warning:  #1-D: last line of file ends without a newline
linking...
Program Size: Code=536 RO-data=16 RW-data=0 ZI-data=1256  
FromELF: creating hex file...
"05.Switch.axf" - 0 Error(s), 1 Warning(s).
