<html>
<body>
<pre>
<h1>µVision Build Log</h1>
<h2>Tool Versions:</h2>
IDE-Version: µVision V5.18.0.0
Copyright (C) 2016 ARM Ltd and ARM Germany GmbH. All rights reserved.
License Information: nirav parmar, electroeye, LIC=----
 
Tool Versions:
Toolchain:       MDK-Lite  Version: 5.18
Toolchain Path:  C:\Keil_v5\ARM\ARMCC\Bin
C Compiler:      Armcc.exe V5.06 update 1 (build 61)
Assembler:       Armasm.exe V5.06 update 1 (build 61)
Linker/Locator:  ArmLink.exe V5.06 update 1 (build 61)
Library Manager: ArmAr.exe V5.06 update 1 (build 61)
Hex Converter:   FromElf.exe V5.06 update 1 (build 61)
CPU DLL:         SARM.DLL V5.18
Dialog DLL:      DARMP.DLL V1.51
Target DLL:      UL2ARM.DLL V1.74.7.0
Dialog DLL:      TARMP.DLL V1.51
 
<h2>Project:</h2>
C:\Users\bootARM\Desktop\keil\project1\project.uvproj
Project File Date:  04/07/2016

<h2>Output:</h2>
*** Using Compiler 'V5.06 update 1 (build 61)', folder: 'C:\Keil_v5\ARM\ARMCC\Bin'
Rebuild target 'Target 1'
assembling Startup.s...
compiling mainc.c...
C:\Keil_v5\ARM\Inc\Philips\lpc21xx.h(163): warning:  #47-D: incompatible redefinition of macro "U0IER" (declared at line 182 of "C:\Keil_v5\ARM\Inc\Philips\LPC213X.H")
  #define U0IER          (*((volatile unsigned char *) 0xE000C004))
C:\Keil_v5\ARM\Inc\Philips\lpc21xx.h(164): warning:  #47-D: incompatible redefinition of macro "U0IIR" (declared at line 183 of "C:\Keil_v5\ARM\Inc\Philips\LPC213X.H")
  #define U0IIR          (*((volatile unsigned char *) 0xE000C008))
C:\Keil_v5\ARM\Inc\Philips\lpc21xx.h(169): warning:  #47-D: incompatible redefinition of macro "U0FDR" (declared at line 191 of "C:\Keil_v5\ARM\Inc\Philips\LPC213X.H")
  #define U0FDR          (*((volatile unsigned char *) 0xE000C028))
C:\Keil_v5\ARM\Inc\Philips\lpc21xx.h(176): warning:  #47-D: incompatible redefinition of macro "U1IER" (declared at line 197 of "C:\Keil_v5\ARM\Inc\Philips\LPC213X.H")
  #define U1IER          (*((volatile unsigned char *) 0xE0010004))
C:\Keil_v5\ARM\Inc\Philips\lpc21xx.h(177): warning:  #47-D: incompatible redefinition of macro "U1IIR" (declared at line 198 of "C:\Keil_v5\ARM\Inc\Philips\LPC213X.H")
  #define U1IIR          (*((volatile unsigned char *) 0xE0010008))
C:\Keil_v5\ARM\Inc\Philips\lpc21xx.h(184): warning:  #47-D: incompatible redefinition of macro "U1FDR" (declared at line 208 of "C:\Keil_v5\ARM\Inc\Philips\LPC213X.H")
  #define U1FDR          (*((volatile unsigned char *) 0xE0010028))
mainc.c(33): warning:  #111-D: statement is unreachable
  	return 0;
mainc.c(10): warning:  #177-D: variable "i" was declared but never referenced
  	unsigned char  i ;
mainc.c: 8 warnings, 0 errors
linking...
Program Size: Code=1992 RO-data=16 RW-data=0 ZI-data=1256  
FromELF: creating hex file...
".\Objects\project.axf" - 0 Error(s), 8 Warning(s).
Build Time Elapsed:  00:00:00
</pre>
</body>
</html>
